// Jest Snapshot v1, https://goo.gl/fbAQLP

exports[`HelloWorld.vue should match snapshot 1`] = `<div class="container amazing-app"></div>`;
